// Jest Snapshot v1, https://goo.gl/fbAQLP

exports[`should render ExpenseListItem correctly 1`] = `
<Link
  className="list-item"
  replace={false}
  to="/edit/1"
>
  <div
    className="list-item__expense"
  >
    <h3>
      Gum
    </h3>
    <p>
      January 1st, 1970
    </p>
  </div>
  <h3
    className="list-item__amount"
  >
    $1.95
  </h3>
</Link>
`;
